Microchip MPLAB XC8 Compiler V2.32

Linker command line:

-W-3 --edf=C:\Program Files\Microchip\xc8\v2.32\pic\dat\en_msgs.txt -cn \
  -h+dist/default/production\ACCS.X.production.sym \
  --cmf=dist/default/production\ACCS.X.production.cmf -z -Q18F56Q43 \
  -oC:\Users\annas\AppData\Local\Temp\xcAsa0g.4 --defsym=__MPLAB_BUILD=1 \
  -Mdist/default/production/ACCS.X.production.map -E1 -ver=XC8 Compiler \
  --acfsm=1493 -ASTACK=0560h-015FFh -pstack=STACK -ACODE=00h-0FFFFh \
  -ACONST=00h-0FFFFh -ASMALLCONST=01600h-016FFhx234 \
  -AMEDIUMCONST=01600h-0FFFFh -ACOMRAM=0501h-055Fh -AABS1=0500h-015FFh \
  -ABIGRAM=0501h-015FFh -ARAM=0560h-05FFh,0600h-06FFhx16 \
  -ABANK5=0560h-05FFh -ABANK6=0600h-06FFh -ABANK7=0700h-07FFh \
  -ABANK8=0800h-08FFh -ABANK9=0900h-09FFh -ABANK10=0A00h-0AFFh \
  -ABANK11=0B00h-0BFFh -ABANK12=0C00h-0CFFh -ABANK13=0D00h-0DFFh \
  -ABANK14=0E00h-0EFFh -ABANK15=0F00h-0FFFh -ABANK16=01000h-010FFh \
  -ABANK17=01100h-011FFh -ABANK18=01200h-012FFh -ABANK19=01300h-013FFh \
  -ABANK20=01400h-014FFh -ABANK21=01500h-015FFh \
  -ASFR=00h-0FFhx4,0400h-045Fh,0460h-04FFh -ACONFIG=0300000h-0300011h \
  -AIDLOC=0200000h-020001Fh -AEEDATA=0380000h-03803FFh -peeprom_data=EEDATA \
  -preset_vec=00h -ppowerup=CODE,init -pramtop=01600h \
  -psmallconst=SMALLCONST -pmediumconst=MEDIUMCONST -pconst=CONST \
  -AFARRAM=00h-00h \
  -prdata=COMRAM,nvrram=COMRAM,nvbit=COMRAM,rbss=COMRAM,rbit=COMRAM \
  -pfarbss=FARRAM,fardata=FARRAM,nvFARRAM=FARRAM \
  -pintsave_regs=BIGRAM,bigbss=BIGRAM,bigdata=BIGRAM -pbss=RAM \
  -pidata=CODE,irdata=CODE,ibigdata=CODE,ifardata=CODE -prparam=COMRAM \
  C:\Users\annas\AppData\Local\Temp\xcAsa0g.o \
  dist/default/production\ACCS.X.production.o 

Object code version is 3.11

Machine type is 18F56Q43



                Name                               Link     Load   Length Selector   Space Scale
C:\Users\annas\AppData\Local\Temp\xcAsa0g.o
                idloc                            200000   200000       20        0       5
                config                           300000   300000        A        0       4
                init                               FFFC     FFFC        4     7FFE       0
                reset_vec                             0        0        4        0       0
dist/default/production\ACCS.X.production.o
                idloc                            200000   200000       20        0       5
                config                           300000   300000        A        0       4
                text9                              FDD6     FDD6       26     7EEB       0
                text8                              FE26     FE26       4A     7F13       0
                text7                              FD9C     FD9C       1A     7ECE       0
                text6                              FDB6     FDB6       20     7EDB       0
                text5                              FD84     FD84       18     7EC2       0
                text4                              FDFC     FDFC       2A     7EFE       0
                text3                              FF88     FF88       74     7FC4       0
                text2                              FF24     FF24       64     7F92       0
                text1                              FE70     FE70       56     7F38       0
                text0                              FEC6     FEC6       5E     7F63       0
                cstackCOMRAM                        501      501        A      501       1
                bssCOMRAM                           50B      50B        4      501       1
                cinit                              FD76     FD76        E     7EBB       0

TOTAL           Name                               Link     Load   Length     Space
        CLASS   STACK          

        CLASS   CODE           
                init                               FFFC     FFFC        4         0
                reset_vec                             0        0        4         0
                text9                              FDD6     FDD6       26         0
                text8                              FE26     FE26       4A         0
                text7                              FD9C     FD9C       1A         0
                text6                              FDB6     FDB6       20         0
                text5                              FD84     FD84       18         0
                text4                              FDFC     FDFC       2A         0
                text3                              FF88     FF88       74         0
                text2                              FF24     FF24       64         0
                text1                              FE70     FE70       56         0
                text0                              FEC6     FEC6       5E         0
                cinit                              FD76     FD76        E         0

        CLASS   CONST          

        CLASS   SMALLCONST     

        CLASS   MEDIUMCONST    

        CLASS   COMRAM         
                cstackCOMRAM                        501      501        A         1
                bssCOMRAM                           50B      50B        4         1

        CLASS   ABS1           

        CLASS   BIGRAM         

        CLASS   RAM            

        CLASS   BANK5          

        CLASS   BANK6          

        CLASS   BANK7          

        CLASS   BANK8          

        CLASS   BANK9          

        CLASS   BANK10         

        CLASS   BANK11         

        CLASS   BANK12         

        CLASS   BANK13         

        CLASS   BANK14         

        CLASS   BANK15         

        CLASS   BANK16         

        CLASS   BANK17         

        CLASS   BANK18         

        CLASS   BANK19         

        CLASS   BANK20         

        CLASS   BANK21         

        CLASS   SFR            

        CLASS   CONFIG         
                config                           300000   300000        A         4

        CLASS   IDLOC          
                idloc                            200000   200000       20         5

        CLASS   EEDATA         

        CLASS   FARRAM         



SEGMENTS        Name                           Load    Length   Top    Selector   Space  Class

                reset_vec                      000000  000004  000004         0       0  CODE    
                cstackCOMRAM                   000501  00000E  00050F       501       1  COMRAM  
                cinit                          00FD76  00000E  00FD84      7EBB       0  CODE    
                text5                          00FD84  000018  00FD9C      7EC2       0  CODE    
                text7                          00FD9C  00001A  00FDB6      7ECE       0  CODE    
                text6                          00FDB6  000020  00FDD6      7EDB       0  CODE    
                text9                          00FDD6  000026  00FDFC      7EEB       0  CODE    
                text4                          00FDFC  00002A  00FE26      7EFE       0  CODE    
                text8                          00FE26  00004A  00FE70      7F13       0  CODE    
                text1                          00FE70  000056  00FEC6      7F38       0  CODE    
                text0                          00FEC6  00005E  00FF24      7F63       0  CODE    
                text2                          00FF24  000064  00FF88      7F92       0  CODE    
                text3                          00FF88  000074  00FFFC      7FC4       0  CODE    
                init                           00FFFC  000004  010000      7FFE       0  CODE    


UNUSED ADDRESS RANGES

        Name                Unused          Largest block    Delta
        BANK10           000A00-000AFF              100
        BANK11           000B00-000BFF              100
        BANK12           000C00-000CFF              100
        BANK13           000D00-000DFF              100
        BANK14           000E00-000EFF              100
        BANK15           000F00-000FFF              100
        BANK16           001000-0010FF              100
        BANK17           001100-0011FF              100
        BANK18           001200-0012FF              100
        BANK19           001300-0013FF              100
        BANK20           001400-0014FF              100
        BANK21           001500-0015FF              100
        BANK5            000560-0005FF               A0
        BANK6            000600-0006FF              100
        BANK7            000700-0007FF              100
        BANK8            000800-0008FF              100
        BANK9            000900-0009FF              100
        BIGRAM           00050F-0015FF             10F1
        CODE             000004-00FD75             FD72
        COMRAM           00050F-00055F               51
        CONFIG           30000A-300011                8
        CONST            000004-00FD75             FD72
        EEDATA           380000-3803FF              400
        MEDIUMCONST      001600-00FD75             E776
        RAM              000560-0015FF              100
        SFR              000000-0004FF              100
        SMALLCONST       001600-00FD75              100
        STACK            000560-0015FF             10A0

                                  Symbol Table

?_ReadADB4               cstackCOMRAM 000501
?___lwdiv                cstackCOMRAM 000501
?___lwmod                cstackCOMRAM 000501
?___wmul                 cstackCOMRAM 000501
_ADACQ                   (abs)        0003EE
_ADCON0                  (abs)        0003F3
_ADCON0bits              (abs)        0003F3
_ADCON1bits              (abs)        0003F4
_ADCON2bits              (abs)        0003F5
_ADPCH                   (abs)        0003EC
_ADREF                   (abs)        0003F8
_ADRESH                  (abs)        0003EB
_ADRESL                  (abs)        0003EA
_ADSTATbits              (abs)        0003F7
_INTCON0bits             (abs)        0004D6
_InitADB4                text9        00FDD6
_InitApp                 text8        00FE26
_InitUART4               text7        00FD9C
_Initialize_PMD          text6        00FDB6
_LATA                    (abs)        0004BE
_LATB                    (abs)        0004BF
_LATC                    (abs)        0004C0
_LATD                    (abs)        0004C1
_LATE                    (abs)        0004C2
_LATF                    (abs)        0004C3
_PIE1bits                (abs)        00049F
_PIR1bits                (abs)        0004AF
_PMD0                    (abs)        000060
_PMD1                    (abs)        000061
_PMD3                    (abs)        000063
_PMD4                    (abs)        000064
_PMD5                    (abs)        000065
_PMD6                    (abs)        000066
_PMD7                    (abs)        000067
_PMD8                    (abs)        000068
_PORTA                   (abs)        0004CE
_PORTB                   (abs)        0004CF
_PORTC                   (abs)        0004D0
_PORTD                   (abs)        0004D1
_PORTE                   (abs)        0004D2
_PORTF                   (abs)        0004D3
_RB6PPS                  (abs)        00020F
_ReadADB4                text5        00FD84
_TRISA                   (abs)        0004C6
_TRISB                   (abs)        0004C7
_TRISC                   (abs)        0004C8
_TRISD                   (abs)        0004C9
_TRISE                   (abs)        0004CA
_TRISF                   (abs)        0004CB
_U4BRGH                  (abs)        0002E8
_U4BRGL                  (abs)        0002E7
_U4CON0bits              (abs)        0002E4
_U4CON1bits              (abs)        0002E5
_U4CON2bits              (abs)        0002E6
_U4TXB                   (abs)        0002DC
_Vin                     bssCOMRAM    00050B
_Vread                   bssCOMRAM    00050D
__HRAM                   (abs)        000000
__Habs1                  abs1         000000
__Hbank10                bank10       000000
__Hbank11                bank11       000000
__Hbank12                bank12       000000
__Hbank13                bank13       000000
__Hbank14                bank14       000000
__Hbank15                bank15       000000
__Hbank16                bank16       000000
__Hbank17                bank17       000000
__Hbank18                bank18       000000
__Hbank19                bank19       000000
__Hbank20                bank20       000000
__Hbank21                bank21       000000
__Hbank5                 bank5        000000
__Hbank6                 bank6        000000
__Hbank7                 bank7        000000
__Hbank8                 bank8        000000
__Hbank9                 bank9        000000
__Hbigbss                bigbss       000000
__Hbigdata               bigdata      000000
__Hbigram                bigram       000000
__Hbss                   bss          000000
__HbssCOMRAM             bssCOMRAM    000000
__Hcinit                 cinit        000000
__Hclrtext               clrtext      000000
__Hcomram                comram       000000
__Hconfig                config       30000A
__Hconst                 const        000000
__HcstackCOMRAM          cstackCOMRAM 000000
__Hdata                  data         000000
__Heeprom_data           eeprom_data  000000
__Hfarbss                farbss       000000
__Hfardata               fardata      000000
__Hibigdata              ibigdata     000000
__Hidata                 idata        000000
__Hidloc                 idloc        200020
__Hifardata              ifardata     000000
__Hinit                  init         010000
__Hintsave_regs          intsave_regs 000000
__Hirdata                irdata       000000
__Hmediumconst           mediumconst  000000
__HnvFARRAM              nvFARRAM     000000
__Hnvbit                 nvbit        000000
__Hnvrram                nvrram       000000
__Hparam                 rparam       000000
__Hpowerup               powerup      000000
__Hram                   ram          000000
__Hramtop                ramtop       001600
__Hrbit                  rbit         000000
__Hrbss                  rbss         000000
__Hrdata                 rdata        000000
__Hreset_vec             reset_vec    000004
__Hrparam                rparam       000000
__Hsfr                   sfr          000000
__Hsmallconst            smallconst   000000
__Hspace_0               (abs)        010000
__Hspace_1               (abs)        00050F
__Hspace_2               (abs)        000000
__Hspace_4               (abs)        60000A
__Hstack                 stack        000000
__Hstruct                struct       000000
__Htemp                  temp         000000
__Htext                  text         000000
__Htext0                 text0        000000
__Htext1                 text1        000000
__Htext2                 text2        000000
__Htext3                 text3        000000
__Htext4                 text4        000000
__Htext5                 text5        000000
__Htext6                 text6        000000
__Htext7                 text7        000000
__Htext8                 text8        000000
__Htext9                 text9        000000
__LRAM                   (abs)        000001
__Labs1                  abs1         000000
__Lbank10                bank10       000000
__Lbank11                bank11       000000
__Lbank12                bank12       000000
__Lbank13                bank13       000000
__Lbank14                bank14       000000
__Lbank15                bank15       000000
__Lbank16                bank16       000000
__Lbank17                bank17       000000
__Lbank18                bank18       000000
__Lbank19                bank19       000000
__Lbank20                bank20       000000
__Lbank21                bank21       000000
__Lbank5                 bank5        000000
__Lbank6                 bank6        000000
__Lbank7                 bank7        000000
__Lbank8                 bank8        000000
__Lbank9                 bank9        000000
__Lbigbss                bigbss       000000
__Lbigdata               bigdata      000000
__Lbigram                bigram       000000
__Lbss                   bss          000000
__LbssCOMRAM             bssCOMRAM    000000
__Lcinit                 cinit        000000
__Lclrtext               clrtext      000000
__Lcomram                comram       000000
__Lconfig                config       000000
__Lconst                 const        000000
__LcstackCOMRAM          cstackCOMRAM 000000
__Ldata                  data         000000
__Leeprom_data           eeprom_data  000000
__Lfarbss                farbss       000000
__Lfardata               fardata      000000
__Libigdata              ibigdata     000000
__Lidata                 idata        000000
__Lidloc                 idloc        000000
__Lifardata              ifardata     000000
__Linit                  init         00FFFC
__Lintsave_regs          intsave_regs 000000
__Lirdata                irdata       000000
__Lmediumconst           mediumconst  000000
__LnvFARRAM              nvFARRAM     000000
__Lnvbit                 nvbit        000000
__Lnvrram                nvrram       000000
__Lparam                 rparam       000000
__Lpowerup               powerup      000000
__Lram                   ram          000000
__Lramtop                ramtop       001600
__Lrbit                  rbit         000000
__Lrbss                  rbss         000000
__Lrdata                 rdata        000000
__Lreset_vec             reset_vec    000000
__Lrparam                rparam       000000
__Lsfr                   sfr          000000
__Lsmallconst            smallconst   000000
__Lspace_0               (abs)        000000
__Lspace_1               (abs)        000000
__Lspace_2               (abs)        000000
__Lspace_4               (abs)        000000
__Lstack                 stack        000000
__Lstruct                struct       000000
__Ltemp                  temp         000000
__Ltext                  text         000000
__Ltext0                 text0        000000
__Ltext1                 text1        000000
__Ltext2                 text2        000000
__Ltext3                 text3        000000
__Ltext4                 text4        000000
__Ltext5                 text5        000000
__Ltext6                 text6        000000
__Ltext7                 text7        000000
__Ltext8                 text8        000000
__Ltext9                 text9        000000
__S0                     (abs)        010000
__S1                     (abs)        00050F
__S2                     (abs)        000000
__S4                     (abs)        000000
__S5                     (abs)        000000
___inthi_sp              stack        000000
___intlo_sp              stack        000000
___lwdiv                 text3        00FF88
___lwdiv@counter         cstackCOMRAM 000507
___lwdiv@dividend        cstackCOMRAM 000501
___lwdiv@divisor         cstackCOMRAM 000503
___lwdiv@quotient        cstackCOMRAM 000505
___lwmod                 text2        00FF24
___lwmod@counter         cstackCOMRAM 000505
___lwmod@dividend        cstackCOMRAM 000501
___lwmod@divisor         cstackCOMRAM 000503
___param_bank            (abs)        000000
___rparam_used           (abs)        000001
___sp                    stack        000000
___wmul                  text4        00FDFC
___wmul@multiplicand     cstackCOMRAM 000503
___wmul@multiplier       cstackCOMRAM 000501
___wmul@product          cstackCOMRAM 000505
__accesstop              (abs)        000560
__activetblptr           (abs)        000000
__end_of_InitADB4        text9        00FDFC
__end_of_InitApp         text8        00FE70
__end_of_InitUART4       text7        00FDB6
__end_of_Initialize_PMD  text6        00FDD6
__end_of_ReadADB4        text5        00FD9C
__end_of___lwdiv         text3        00FFFC
__end_of___lwmod         text2        00FF88
__end_of___wmul          text4        00FE26
__end_of__initialization cinit        00FD7E
__end_of_main            text0        00FF24
__end_of_write_U4        text1        00FEC6
__initialization         cinit        00FD76
__mediumconst            mediumconst  000000
__pbssCOMRAM             bssCOMRAM    00050B
__pcinit                 cinit        00FD76
__pcstackCOMRAM          cstackCOMRAM 000501
__ptext0                 text0        00FEC6
__ptext1                 text1        00FE70
__ptext2                 text2        00FF24
__ptext3                 text3        00FF88
__ptext4                 text4        00FDFC
__ptext5                 text5        00FD84
__ptext6                 text6        00FDB6
__ptext7                 text7        00FD9C
__ptext8                 text8        00FE26
__ptext9                 text9        00FDD6
__ramtop                 ramtop       001600
__size_of_InitADB4       (abs)        000000
__size_of_InitApp        (abs)        000000
__size_of_InitUART4      (abs)        000000
__size_of_Initialize_PMD (abs)        000000
__size_of_ReadADB4       (abs)        000000
__size_of___lwdiv        (abs)        000000
__size_of___lwmod        (abs)        000000
__size_of___wmul         (abs)        000000
__size_of_main           (abs)        000000
__size_of_write_U4       (abs)        000000
__smallconst             smallconst   000000
_main                    text0        00FEC6
_write_U4                text1        00FE70
end_of_initialization    cinit        00FD7E
intlevel0                text         000000
intlevel1                text         000000
intlevel2                text         000000
intlevel3                text         000000
isa$std                  (abs)        000001
isa$xinst                (abs)        000000
stackhi                  (abs)        0015FF
stacklo                  (abs)        000560
start                    init         00FFFC
start_initialization     cinit        00FD76
write_U4@data            cstackCOMRAM 000508


MODULE INFORMATION

Module		Function		Class		Link	Load	Size
uart.c
		_InitUART4     		CODE           	FD9C	0000	26
		_write_U4      		CODE           	FE70	0000	86

uart.c estimated size: 112

C:\Program Files\Microchip\xc8\v2.32\pic\sources\c99\common\lwmod.c
		___lwmod       		CODE           	FF24	0000	100

C:\Program Files\Microchip\xc8\v2.32\pic\sources\c99\common\lwmod.c estimated size: 100

adcc.c
		_InitADB4      		CODE           	FDD6	0000	38
		_ReadADB4      		CODE           	FD84	0000	24

adcc.c estimated size: 62

C:\Program Files\Microchip\xc8\v2.32\pic\sources\c99\common\Umul16.c
		___wmul        		CODE           	FDFC	0000	42

C:\Program Files\Microchip\xc8\v2.32\pic\sources\c99\common\Umul16.c estimated size: 42

shared
		__initialization		CODE           	FD76	0000	8

shared estimated size: 8

C:\Program Files\Microchip\xc8\v2.32\pic\sources\c99\common\lwdiv.c
		___lwdiv       		CODE           	FF88	0000	116

C:\Program Files\Microchip\xc8\v2.32\pic\sources\c99\common\lwdiv.c estimated size: 116

user.c
		_InitApp       		CODE           	FE26	0000	74
		_Initialize_PMD		CODE           	FDB6	0000	32

user.c estimated size: 106

main.c
		_main          		CODE           	FEC6	0000	94

main.c estimated size: 94

